20:52:26.113
GET
https://raw.githubusercontent.com/explv/osrs_map_tiles/master/2/0/0.png
[HTTP/2 404  454ms]

20:52:26.116
GET
https://raw.githubusercontent.com/explv/osrs_map_tiles/master/2/0/1.png
[HTTP/2 404  454ms]

20:52:26.118
GET
https://raw.githubusercontent.com/explv/osrs_map_tiles/master/2/0/2.png
[HTTP/2 404  435ms]

20:52:26.121
GET
https://raw.githubusercontent.com/explv/osrs_map_tiles/master/2/0/3.png
[HTTP/2 404  433ms]

20:52:26.125
GET
https://raw.githubusercontent.com/explv/osrs_map_tiles/master/2/1/0.png
[HTTP/2 404  632ms]

20:52:26.130
GET
https://raw.githubusercontent.com/explv/osrs_map_tiles/master/2/1/1.png
[HTTP/2 404  438ms]

20:52:26.131
GET
https://raw.githubusercontent.com/explv/osrs_map_tiles/master/2/1/2.png
[HTTP/2 404  427ms]

20:52:26.132
GET
https://raw.githubusercontent.com/explv/osrs_map_tiles/master/2/1/3.png
[HTTP/2 404  437ms]

20:52:26.134
GET
https://raw.githubusercontent.com/explv/osrs_map_tiles/master/2/2/0.png
[HTTP/2 404  442ms]

20:52:26.136
GET
https://raw.githubusercontent.com/explv/osrs_map_tiles/master/2/2/1.png
[HTTP/2 404  433ms]

20:52:26.138
GET
https://raw.githubusercontent.com/explv/osrs_map_tiles/master/2/2/2.png
[HTTP/2 404  427ms]

20:52:26.139
GET
https://raw.githubusercontent.com/explv/osrs_map_tiles/master/2/2/3.png
[HTTP/2 404  424ms]

20:52:26.140
GET
https://raw.githubusercontent.com/explv/osrs_map_tiles/master/2/3/0.png
[HTTP/2 404  437ms]

20:52:26.141
GET
https://raw.githubusercontent.com/explv/osrs_map_tiles/master/2/3/1.png
[HTTP/2 404  432ms]

20:52:26.142
GET
https://raw.githubusercontent.com/explv/osrs_map_tiles/master/2/3/2.png
[HTTP/2 404  419ms]

20:52:26.144
GET
https://raw.githubusercontent.com/explv/osrs_map_tiles/master/2/3/3.png
[HTTP/2 404  431ms]
